Component: ARM Compiler 6.13.1 Tool: armlink [5d895400]

==============================================================================

Image Symbol Table

    Local Symbols

    Symbol Name                              Value     Ov Type        Size  Object(Section)

    ../clib/microlib/division.c              0x00000000   Number         0  uidiv.o ABSOLUTE
    ../clib/microlib/division.c              0x00000000   Number         0  uldiv.o ABSOLUTE
    ../clib/microlib/init/entry.s            0x00000000   Number         0  entry.o ABSOLUTE
    ../clib/microlib/init/entry.s            0x00000000   Number         0  entry2.o ABSOLUTE
    ../clib/microlib/init/entry.s            0x00000000   Number         0  entry5.o ABSOLUTE
    ../clib/microlib/init/entry.s            0x00000000   Number         0  entry7a.o ABSOLUTE
    ../clib/microlib/init/entry.s            0x00000000   Number         0  entry7b.o ABSOLUTE
    ../clib/microlib/init/entry.s            0x00000000   Number         0  entry8a.o ABSOLUTE
    ../clib/microlib/init/entry.s            0x00000000   Number         0  entry8b.o ABSOLUTE
    ../clib/microlib/init/entry.s            0x00000000   Number         0  entry9a.o ABSOLUTE
    ../clib/microlib/init/entry.s            0x00000000   Number         0  entry9b.o ABSOLUTE
    ../clib/microlib/init/entry.s            0x00000000   Number         0  entry10a.o ABSOLUTE
    ../clib/microlib/init/entry.s            0x00000000   Number         0  entry10b.o ABSOLUTE
    ../clib/microlib/init/entry.s            0x00000000   Number         0  entry11a.o ABSOLUTE
    ../clib/microlib/init/entry.s            0x00000000   Number         0  entry11b.o ABSOLUTE
    ../clib/microlib/longlong.c              0x00000000   Number         0  llshl.o ABSOLUTE
    ../clib/microlib/longlong.c              0x00000000   Number         0  llushr.o ABSOLUTE
    ../clib/microlib/longlong.c              0x00000000   Number         0  llsshr.o ABSOLUTE
    ../clib/microlib/printf/printf.c         0x00000000   Number         0  printfb.o ABSOLUTE
    ../clib/microlib/printf/printf.c         0x00000000   Number         0  printf0.o ABSOLUTE
    ../clib/microlib/printf/printf.c         0x00000000   Number         0  printf1.o ABSOLUTE
    ../clib/microlib/printf/printf.c         0x00000000   Number         0  printf2.o ABSOLUTE
    ../clib/microlib/printf/printf.c         0x00000000   Number         0  printf3.o ABSOLUTE
    ../clib/microlib/printf/printf.c         0x00000000   Number         0  printf4.o ABSOLUTE
    ../clib/microlib/printf/printf.c         0x00000000   Number         0  printf5.o ABSOLUTE
    ../clib/microlib/printf/printf.c         0x00000000   Number         0  printf6.o ABSOLUTE
    ../clib/microlib/printf/printf.c         0x00000000   Number         0  printf7.o ABSOLUTE
    ../clib/microlib/printf/printf.c         0x00000000   Number         0  printf8.o ABSOLUTE
    ../clib/microlib/printf/printf.c         0x00000000   Number         0  printfa.o ABSOLUTE
    ../clib/microlib/printf/stubs.s          0x00000000   Number         0  printfstubs.o ABSOLUTE
    ../clib/microlib/stdio/puts.c            0x00000000   Number         0  puts.o ABSOLUTE
    ../clib/microlib/stdio/puts.c            0x00000000   Number         0  puts_e.o ABSOLUTE
    ../clib/microlib/stdio/streams.c         0x00000000   Number         0  stdout.o ABSOLUTE
    ../clib/microlib/stubs.s                 0x00000000   Number         0  iusefp.o ABSOLUTE
    ../fplib/microlib/fpadd.c                0x00000000   Number         0  dadd.o ABSOLUTE
    ../fplib/microlib/fpdiv.c                0x00000000   Number         0  ddiv.o ABSOLUTE
    ../fplib/microlib/fpepilogue.c           0x00000000   Number         0  depilogue.o ABSOLUTE
    ../fplib/microlib/fpfix.c                0x00000000   Number         0  dfixul.o ABSOLUTE
    ../fplib/microlib/fpmul.c                0x00000000   Number         0  dmul.o ABSOLUTE
    adc.c                                    0x00000000   Number         0  adc.o ABSOLUTE
    bgr.c                                    0x00000000   Number         0  bgr.o ABSOLUTE
    cdrcmple.s                               0x00000000   Number         0  cdrcmple.o ABSOLUTE
    dc.s                                     0x00000000   Number         0  dc.o ABSOLUTE
    ddl.c                                    0x00000000   Number         0  ddl.o ABSOLUTE
    dmac.c                                   0x00000000   Number         0  dmac.o ABSOLUTE
    gpio.c                                   0x00000000   Number         0  gpio.o ABSOLUTE
    handlers.s                               0x00000000   Number         0  handlers.o ABSOLUTE
    init.s                                   0x00000000   Number         0  init.o ABSOLUTE
    interrupts_hc32l13x.c                    0x00000000   Number         0  interrupts_hc32l13x.o ABSOLUTE
    main.c                                   0x00000000   Number         0  main.o ABSOLUTE
    startup_hc32l13x.s                       0x00000000   Number         0  startup_hc32l13x.o ABSOLUTE
    sysctrl.c                                0x00000000   Number         0  sysctrl.o ABSOLUTE
    system_hc32l13x.c                        0x00000000   Number         0  system_hc32l13x.o ABSOLUTE
    uart.c                                   0x00000000   Number         0  uart.o ABSOLUTE
    RESET                                    0x00000000   Section      192  startup_hc32l13x.o(RESET)
    .ARM.Collect$$$$00000000                 0x000000c0   Section        0  entry.o(.ARM.Collect$$$$00000000)
    .ARM.Collect$$$$00000001                 0x000000c0   Section        4  entry2.o(.ARM.Collect$$$$00000001)
    .ARM.Collect$$$$00000004                 0x000000c4   Section        4  entry5.o(.ARM.Collect$$$$00000004)
    .ARM.Collect$$$$00000008                 0x000000c8   Section        0  entry7b.o(.ARM.Collect$$$$00000008)
    .ARM.Collect$$$$0000000A                 0x000000c8   Section        0  entry8b.o(.ARM.Collect$$$$0000000A)
    .ARM.Collect$$$$0000000B                 0x000000c8   Section        8  entry9a.o(.ARM.Collect$$$$0000000B)
    __lit__00000000                          0x000000d0   Data           4  entry2.o(.ARM.Collect$$$$00002712)
    .ARM.Collect$$$$0000000D                 0x000000d0   Section        0  entry10a.o(.ARM.Collect$$$$0000000D)
    .ARM.Collect$$$$0000000F                 0x000000d0   Section        0  entry11a.o(.ARM.Collect$$$$0000000F)
    .ARM.Collect$$$$00002712                 0x000000d0   Section        4  entry2.o(.ARM.Collect$$$$00002712)
    .text                                    0x000000d4   Section       60  startup_hc32l13x.o(.text)
    .text                                    0x00000110   Section        0  uidiv.o(.text)
    .text                                    0x0000013c   Section       36  init.o(.text)
    [Anonymous Symbol]                       0x00000160   Section        0  interrupts_hc32l13x.o(.text.ADC_IRQHandler)
    [Anonymous Symbol]                       0x00000168   Section        0  adc.o(.text.Adc_CfgJqrChannel)
    __arm_cp.20_0                            0x000001bc   Number         4  adc.o(.text.Adc_CfgJqrChannel)
    [Anonymous Symbol]                       0x000001c0   Section        0  adc.o(.text.Adc_ClrIrqStatus)
    __arm_cp.1_0                             0x000001cc   Number         4  adc.o(.text.Adc_ClrIrqStatus)
    [Anonymous Symbol]                       0x000001d0   Section        0  adc.o(.text.Adc_EnableIrq)
    [Anonymous Symbol]                       0x000001e0   Section        0  adc.o(.text.Adc_GetIrqStatus)
    __arm_cp.0_0                             0x000001f0   Number         4  adc.o(.text.Adc_GetIrqStatus)
    [Anonymous Symbol]                       0x000001f4   Section        0  adc.o(.text.Adc_GetJqrResult)
    __arm_cp.23_0                            0x000001fc   Number         4  adc.o(.text.Adc_GetJqrResult)
    [Anonymous Symbol]                       0x00000200   Section        0  main.o(.text.Adc_IRQHandler)
    __arm_cp.6_0                             0x0000022c   Number         4  main.o(.text.Adc_IRQHandler)
    [Anonymous Symbol]                       0x00000244   Section        0  adc.o(.text.Adc_Init)
    __arm_cp.4_0                             0x00000298   Number         4  adc.o(.text.Adc_Init)
    [Anonymous Symbol]                       0x0000029c   Section        0  adc.o(.text.Adc_JQR_Start)
    [Anonymous Symbol]                       0x000002a4   Section        0  adc.o(.text.Adc_JQR_Stop)
    __arm_cp.13_0                            0x000002ac   Number         4  adc.o(.text.Adc_JQR_Stop)
    [Anonymous Symbol]                       0x000002b0   Section        0  adc.o(.text.Adc_JqrModeCfg)
    __arm_cp.17_0                            0x000002ec   Number         4  adc.o(.text.Adc_JqrModeCfg)
    [Anonymous Symbol]                       0x000002f0   Section        0  main.o(.text.App_AdcInit)
    [Anonymous Symbol]                       0x0000032c   Section        0  main.o(.text.App_AdcJqrCfg)
    [Anonymous Symbol]                       0x00000360   Section        0  main.o(.text.App_AdcPortInit)
    [Anonymous Symbol]                       0x00000374   Section        0  main.o(.text.App_UartCfg)
    __arm_cp.2_0                             0x000003dc   Number         4  main.o(.text.App_UartCfg)
    [Anonymous Symbol]                       0x000003e0   Section        0  main.o(.text.App_UartPortInit)
    [Anonymous Symbol]                       0x00000430   Section        0  bgr.o(.text.Bgr_BgrEnable)
    __arm_cp.0_0                             0x00000444   Number         4  bgr.o(.text.Bgr_BgrEnable)
    [Anonymous Symbol]                       0x00000448   Section        0  interrupts_hc32l13x.o(.text.CLKTRIM_IRQHandler)
    [Anonymous Symbol]                       0x00000450   Section        0  interrupts_hc32l13x.o(.text.DMAC_IRQHandler)
    [Anonymous Symbol]                       0x00000458   Section        0  interrupts_hc32l13x.o(.text.EnableNvic)
    __arm_cp.0_0                             0x000004cc   Number         4  interrupts_hc32l13x.o(.text.EnableNvic)
    __arm_cp.0_1                             0x000004d0   Number         4  interrupts_hc32l13x.o(.text.EnableNvic)
    __arm_cp.0_2                             0x000004d4   Number         4  interrupts_hc32l13x.o(.text.EnableNvic)
    __arm_cp.0_3                             0x000004d8   Number         4  interrupts_hc32l13x.o(.text.EnableNvic)
    __arm_cp.0_4                             0x000004dc   Number         4  interrupts_hc32l13x.o(.text.EnableNvic)
    [Anonymous Symbol]                       0x000004e0   Section        0  interrupts_hc32l13x.o(.text.FLASH_RAM_IRQHandler)
    [Anonymous Symbol]                       0x000004ec   Section        0  ddl.o(.text.GetBit)
    [Anonymous Symbol]                       0x000004f8   Section        0  gpio.o(.text.Gpio_Init)
    __arm_cp.0_0                             0x00000568   Number         4  gpio.o(.text.Gpio_Init)
    __arm_cp.0_1                             0x0000056c   Number         4  gpio.o(.text.Gpio_Init)
    __arm_cp.0_3                             0x00000570   Number         4  gpio.o(.text.Gpio_Init)
    [Anonymous Symbol]                       0x00000574   Section        0  gpio.o(.text.Gpio_SetAfMode)
    __arm_cp.11_0                            0x00000580   Number         4  gpio.o(.text.Gpio_SetAfMode)
    [Anonymous Symbol]                       0x00000584   Section        0  gpio.o(.text.Gpio_SetAnalogMode)
    __arm_cp.10_0                            0x00000594   Number         4  gpio.o(.text.Gpio_SetAnalogMode)
    [Anonymous Symbol]                       0x00000598   Section        0  gpio.o(.text.Gpio_SetIO)
    __arm_cp.6_0                             0x000005a8   Number         4  gpio.o(.text.Gpio_SetIO)
    [Anonymous Symbol]                       0x000005ac   Section        0  interrupts_hc32l13x.o(.text.HardFault_Handler)
    [Anonymous Symbol]                       0x000005bc   Section        0  interrupts_hc32l13x.o(.text.I2C0_IRQHandler)
    [Anonymous Symbol]                       0x000005c4   Section        0  interrupts_hc32l13x.o(.text.I2C1_IRQHandler)
    [Anonymous Symbol]                       0x000005cc   Section        0  interrupts_hc32l13x.o(.text.LCD_IRQHandler)
    [Anonymous Symbol]                       0x000005d4   Section        0  interrupts_hc32l13x.o(.text.LPTIM_IRQHandler)
    [Anonymous Symbol]                       0x000005dc   Section        0  interrupts_hc32l13x.o(.text.LPUART0_IRQHandler)
    [Anonymous Symbol]                       0x000005e4   Section        0  interrupts_hc32l13x.o(.text.LPUART1_IRQHandler)
    [Anonymous Symbol]                       0x000005ec   Section        0  interrupts_hc32l13x.o(.text.LVD_IRQHandler)
    [Anonymous Symbol]                       0x000005f4   Section        0  interrupts_hc32l13x.o(.text.PCA_IRQHandler)
    [Anonymous Symbol]                       0x000005fc   Section        0  interrupts_hc32l13x.o(.text.PCNT_IRQHandler)
    [Anonymous Symbol]                       0x00000604   Section        0  interrupts_hc32l13x.o(.text.PORTA_IRQHandler)
    [Anonymous Symbol]                       0x0000060c   Section        0  interrupts_hc32l13x.o(.text.PORTB_IRQHandler)
    [Anonymous Symbol]                       0x00000614   Section        0  interrupts_hc32l13x.o(.text.PORTC_IRQHandler)
    [Anonymous Symbol]                       0x0000061c   Section        0  interrupts_hc32l13x.o(.text.PORTD_IRQHandler)
    [Anonymous Symbol]                       0x00000624   Section        0  interrupts_hc32l13x.o(.text.RTC_IRQHandler)
    [Anonymous Symbol]                       0x0000062c   Section        0  interrupts_hc32l13x.o(.text.SPI0_IRQHandler)
    [Anonymous Symbol]                       0x00000634   Section        0  interrupts_hc32l13x.o(.text.SPI1_IRQHandler)
    [Anonymous Symbol]                       0x0000063c   Section        0  ddl.o(.text.SetBit)
    [Anonymous Symbol]                       0x00000652   Section        0  interrupts_hc32l13x.o(.text.SysTick_Handler)
    [Anonymous Symbol]                       0x0000065c   Section        0  sysctrl.o(.text.Sysctrl_GetHClkFreq)
    __arm_cp.8_0                             0x00000738   Number         4  sysctrl.o(.text.Sysctrl_GetHClkFreq)
    __arm_cp.8_1                             0x0000073c   Number         4  sysctrl.o(.text.Sysctrl_GetHClkFreq)
    __arm_cp.8_2                             0x00000740   Number         4  sysctrl.o(.text.Sysctrl_GetHClkFreq)
    __arm_cp.8_3                             0x00000744   Number         4  sysctrl.o(.text.Sysctrl_GetHClkFreq)
    __arm_cp.8_4                             0x00000748   Number         4  sysctrl.o(.text.Sysctrl_GetHClkFreq)
    __arm_cp.8_5                             0x0000074c   Number         4  sysctrl.o(.text.Sysctrl_GetHClkFreq)
    __arm_cp.8_6                             0x00000750   Number         4  sysctrl.o(.text.Sysctrl_GetHClkFreq)
    __arm_cp.8_7                             0x00000754   Number         4  sysctrl.o(.text.Sysctrl_GetHClkFreq)
    __arm_cp.8_8                             0x00000758   Number         4  sysctrl.o(.text.Sysctrl_GetHClkFreq)
    __arm_cp.8_9                             0x0000075c   Number         4  sysctrl.o(.text.Sysctrl_GetHClkFreq)
    [Anonymous Symbol]                       0x00000760   Section        0  sysctrl.o(.text.Sysctrl_GetPClkFreq)
    __arm_cp.9_0                             0x00000774   Number         4  sysctrl.o(.text.Sysctrl_GetPClkFreq)
    [Anonymous Symbol]                       0x00000778   Section        0  sysctrl.o(.text.Sysctrl_SetPeripheralGate)
    __arm_cp.18_0                            0x00000788   Number         4  sysctrl.o(.text.Sysctrl_SetPeripheralGate)
    [Anonymous Symbol]                       0x0000078c   Section        0  system_hc32l13x.o(.text.SystemCoreClockUpdate)
    [Anonymous Symbol]                       0x00000798   Section        0  system_hc32l13x.o(.text.SystemInit)
    [Anonymous Symbol]                       0x000007a0   Section        0  interrupts_hc32l13x.o(.text.TIM0_IRQHandler)
    [Anonymous Symbol]                       0x000007a8   Section        0  interrupts_hc32l13x.o(.text.TIM1_IRQHandler)
    [Anonymous Symbol]                       0x000007b0   Section        0  interrupts_hc32l13x.o(.text.TIM2_IRQHandler)
    [Anonymous Symbol]                       0x000007b8   Section        0  interrupts_hc32l13x.o(.text.TIM3_IRQHandler)
    [Anonymous Symbol]                       0x000007c0   Section        0  interrupts_hc32l13x.o(.text.TIM4_IRQHandler)
    [Anonymous Symbol]                       0x000007c8   Section        0  interrupts_hc32l13x.o(.text.TIM5_IRQHandler)
    [Anonymous Symbol]                       0x000007d0   Section        0  interrupts_hc32l13x.o(.text.TIM6_IRQHandler)
    [Anonymous Symbol]                       0x000007d8   Section        0  interrupts_hc32l13x.o(.text.UART0_IRQHandler)
    [Anonymous Symbol]                       0x000007e0   Section        0  interrupts_hc32l13x.o(.text.UART1_IRQHandler)
    [Anonymous Symbol]                       0x000007e8   Section        0  uart.o(.text.Uart_ClrStatus)
    [Anonymous Symbol]                       0x000007f8   Section        0  uart.o(.text.Uart_EnableFunc)
    [Anonymous Symbol]                       0x00000808   Section        0  uart.o(.text.Uart_Init)
    [Anonymous Symbol]                       0x0000085c   Section        0  uart.o(.text.Uart_SendDataPoll)
    [Anonymous Symbol]                       0x00000894   Section        0  interrupts_hc32l13x.o(.text.VC0_IRQHandler)
    [Anonymous Symbol]                       0x0000089c   Section        0  interrupts_hc32l13x.o(.text.VC1_IRQHandler)
    [Anonymous Symbol]                       0x000008a4   Section        0  interrupts_hc32l13x.o(.text.WDT_IRQHandler)
    [Anonymous Symbol]                       0x000008ac   Section        0  ddl.o(.text.ddl_memclr)
    [Anonymous Symbol]                       0x000008c0   Section        0  ddl.o(.text.delay10us)
    __arm_cp.10_3                            0x00000900   Number         4  ddl.o(.text.delay10us)
    [Anonymous Symbol]                       0x00000904   Section        0  ddl.o(.text.delay1ms)
    __arm_cp.8_0                             0x00000944   Number         4  ddl.o(.text.delay1ms)
    __arm_cp.8_1                             0x00000948   Number         4  ddl.o(.text.delay1ms)
    __arm_cp.8_2                             0x0000094c   Number         4  ddl.o(.text.delay1ms)
    [Anonymous Symbol]                       0x00000950   Section        0  ddl.o(.text.fputc)
    __arm_cp.5_0                             0x00000960   Number         4  ddl.o(.text.fputc)
    [Anonymous Symbol]                       0x00000964   Section        0  main.o(.text.main)
    i.__0printf$1                            0x000009cc   Section        0  printf1.o(i.__0printf$1)
    i.__scatterload_copy                     0x000009ec   Section       14  handlers.o(i.__scatterload_copy)
    i.__scatterload_null                     0x000009fa   Section        2  handlers.o(i.__scatterload_null)
    i.__scatterload_zeroinit                 0x000009fc   Section       14  handlers.o(i.__scatterload_zeroinit)
    _printf_core                             0x00000a0d   Thumb Code   332  printf1.o(i._printf_core)
    i._printf_core                           0x00000a0c   Section        0  printf1.o(i._printf_core)
    i.puts                                   0x00000b5c   Section        0  puts.o(i.puts)
    .data                                    0x20000000   Section        4  stdout.o(.data)
    STACK                                    0x20000010   Section      512  startup_hc32l13x.o(STACK)

    Global Symbols

    Symbol Name                              Value     Ov Type        Size  Object(Section)

    BuildAttributes$$THM_ISAv3M$S$PE$A:L22$X:L11$S22$IEEE1$IW$~IW$USESV6$~STKCKD$USESV7$WCHAR32$ENUMINT$~SHL$OSPACE$ROPI$EBA8$MICROLIB$REQ8$PRES8$EABIv2 0x00000000   Number         0  anon$$obj.o ABSOLUTE
    __Vectors                                0x00000000   Data           0  startup_hc32l13x.o(RESET)
    _printf_a                                0x00000000   Number         0  printfstubs.o ABSOLUTE
    _printf_c                                0x00000000   Number         0  printfstubs.o ABSOLUTE
    _printf_charcount                        0x00000000   Number         0  printfstubs.o ABSOLUTE
    _printf_d                                0x00000000   Number         0  printfstubs.o ABSOLUTE
    _printf_e                                0x00000000   Number         0  printfstubs.o ABSOLUTE
    _printf_f                                0x00000000   Number         0  printfstubs.o ABSOLUTE
    _printf_flags                            0x00000000   Number         0  printfstubs.o ABSOLUTE
    _printf_fp_dec                           0x00000000   Number         0  printfstubs.o ABSOLUTE
    _printf_fp_hex                           0x00000000   Number         0  printfstubs.o ABSOLUTE
    _printf_g                                0x00000000   Number         0  printfstubs.o ABSOLUTE
    _printf_i                                0x00000000   Number         0  printfstubs.o ABSOLUTE
    _printf_int_dec                          0x00000000   Number         0  printfstubs.o ABSOLUTE
    _printf_l                                0x00000000   Number         0  printfstubs.o ABSOLUTE
    _printf_lc                               0x00000000   Number         0  printfstubs.o ABSOLUTE
    _printf_ll                               0x00000000   Number         0  printfstubs.o ABSOLUTE
    _printf_lld                              0x00000000   Number         0  printfstubs.o ABSOLUTE
    _printf_lli                              0x00000000   Number         0  printfstubs.o ABSOLUTE
    _printf_llo                              0x00000000   Number         0  printfstubs.o ABSOLUTE
    _printf_llu                              0x00000000   Number         0  printfstubs.o ABSOLUTE
    _printf_llx                              0x00000000   Number         0  printfstubs.o ABSOLUTE
    _printf_longlong_dec                     0x00000000   Number         0  printfstubs.o ABSOLUTE
    _printf_longlong_hex                     0x00000000   Number         0  printfstubs.o ABSOLUTE
    _printf_longlong_oct                     0x00000000   Number         0  printfstubs.o ABSOLUTE
    _printf_ls                               0x00000000   Number         0  printfstubs.o ABSOLUTE
    _printf_mbtowc                           0x00000000   Number         0  printfstubs.o ABSOLUTE
    _printf_n                                0x00000000   Number         0  printfstubs.o ABSOLUTE
    _printf_o                                0x00000000   Number         0  printfstubs.o ABSOLUTE
    _printf_p                                0x00000000   Number         0  printfstubs.o ABSOLUTE
    _printf_percent                          0x00000000   Number         0  printfstubs.o ABSOLUTE
    _printf_pre_padding                      0x00000000   Number         0  printfstubs.o ABSOLUTE
    _printf_return_value                     0x00000000   Number         0  printfstubs.o ABSOLUTE
    _printf_s                                0x00000000   Number         0  printfstubs.o ABSOLUTE
    _printf_sizespec                         0x00000000   Number         0  printfstubs.o ABSOLUTE
    _printf_str                              0x00000000   Number         0  printfstubs.o ABSOLUTE
    _printf_truncate_signed                  0x00000000   Number         0  printfstubs.o ABSOLUTE
    _printf_truncate_unsigned                0x00000000   Number         0  printfstubs.o ABSOLUTE
    _printf_u                                0x00000000   Number         0  printfstubs.o ABSOLUTE
    _printf_wc                               0x00000000   Number         0  printfstubs.o ABSOLUTE
    _printf_wctomb                           0x00000000   Number         0  printfstubs.o ABSOLUTE
    _printf_widthprec                        0x00000000   Number         0  printfstubs.o ABSOLUTE
    _printf_x                                0x00000000   Number         0  printfstubs.o ABSOLUTE
    ClkTrim_IRQHandler                        - Undefined Weak Reference
    Dmac_IRQHandler                           - Undefined Weak Reference
    Flash_IRQHandler                          - Undefined Weak Reference
    I2c0_IRQHandler                           - Undefined Weak Reference
    I2c1_IRQHandler                           - Undefined Weak Reference
    Lcd_IRQHandler                            - Undefined Weak Reference
    LpTim_IRQHandler                          - Undefined Weak Reference
    LpUart0_IRQHandler                        - Undefined Weak Reference
    LpUart1_IRQHandler                        - Undefined Weak Reference
    Lvd_IRQHandler                            - Undefined Weak Reference
    Pca_IRQHandler                            - Undefined Weak Reference
    Pcnt_IRQHandler                           - Undefined Weak Reference
    PortA_IRQHandler                          - Undefined Weak Reference
    PortB_IRQHandler                          - Undefined Weak Reference
    PortC_IRQHandler                          - Undefined Weak Reference
    PortD_IRQHandler                          - Undefined Weak Reference
    Ram_IRQHandler                            - Undefined Weak Reference
    Rtc_IRQHandler                            - Undefined Weak Reference
    Spi0_IRQHandler                           - Undefined Weak Reference
    Spi1_IRQHandler                           - Undefined Weak Reference
    SysTick_IRQHandler                        - Undefined Weak Reference
    Tim0_IRQHandler                           - Undefined Weak Reference
    Tim1_IRQHandler                           - Undefined Weak Reference
    Tim2_IRQHandler                           - Undefined Weak Reference
    Tim3_IRQHandler                           - Undefined Weak Reference
    Tim4_IRQHandler                           - Undefined Weak Reference
    Tim5_IRQHandler                           - Undefined Weak Reference
    Tim6_IRQHandler                           - Undefined Weak Reference
    Uart0_IRQHandler                          - Undefined Weak Reference
    Uart1_IRQHandler                          - Undefined Weak Reference
    Vc0_IRQHandler                            - Undefined Weak Reference
    Vc1_IRQHandler                            - Undefined Weak Reference
    Wdt_IRQHandler                            - Undefined Weak Reference
    __cpp_initialize__aeabi_                  - Undefined Weak Reference
    __cxa_finalize                            - Undefined Weak Reference
    __decompress                              - Undefined Weak Reference
    _clock_init                               - Undefined Weak Reference
    _microlib_exit                            - Undefined Weak Reference
    __Vectors_End                            0x000000c0   Data           0  startup_hc32l13x.o(RESET)
    __Vectors_Size                           0x000000c0   Number         0  startup_hc32l13x.o ABSOLUTE
    __main                                   0x000000c1   Thumb Code     0  entry.o(.ARM.Collect$$$$00000000)
    _main_stk                                0x000000c1   Thumb Code     0  entry2.o(.ARM.Collect$$$$00000001)
    _main_scatterload                        0x000000c5   Thumb Code     0  entry5.o(.ARM.Collect$$$$00000004)
    __main_after_scatterload                 0x000000c9   Thumb Code     0  entry5.o(.ARM.Collect$$$$00000004)
    _main_clock                              0x000000c9   Thumb Code     0  entry7b.o(.ARM.Collect$$$$00000008)
    _main_cpp_init                           0x000000c9   Thumb Code     0  entry8b.o(.ARM.Collect$$$$0000000A)
    _main_init                               0x000000c9   Thumb Code     0  entry9a.o(.ARM.Collect$$$$0000000B)
    __rt_final_cpp                           0x000000d1   Thumb Code     0  entry10a.o(.ARM.Collect$$$$0000000D)
    __rt_final_exit                          0x000000d1   Thumb Code     0  entry11a.o(.ARM.Collect$$$$0000000F)
    Reset_Handler                            0x000000d5   Thumb Code    26  startup_hc32l13x.o(.text)
    NMI_Handler                              0x000000ef   Thumb Code     2  startup_hc32l13x.o(.text)
    SVC_Handler                              0x000000f3   Thumb Code     2  startup_hc32l13x.o(.text)
    PendSV_Handler                           0x000000f5   Thumb Code     2  startup_hc32l13x.o(.text)
    __aeabi_uidiv                            0x00000111   Thumb Code     0  uidiv.o(.text)
    __aeabi_uidivmod                         0x00000111   Thumb Code    44  uidiv.o(.text)
    __scatterload                            0x0000013d   Thumb Code    28  init.o(.text)
    __scatterload_rt2                        0x0000013d   Thumb Code     0  init.o(.text)
    ADC_IRQHandler                           0x00000161   Thumb Code     8  interrupts_hc32l13x.o(.text.ADC_IRQHandler)
    Adc_CfgJqrChannel                        0x00000169   Thumb Code    88  adc.o(.text.Adc_CfgJqrChannel)
    Adc_ClrIrqStatus                         0x000001c1   Thumb Code    16  adc.o(.text.Adc_ClrIrqStatus)
    Adc_EnableIrq                            0x000001d1   Thumb Code    16  adc.o(.text.Adc_EnableIrq)
    Adc_GetIrqStatus                         0x000001e1   Thumb Code    20  adc.o(.text.Adc_GetIrqStatus)
    Adc_GetJqrResult                         0x000001f5   Thumb Code    12  adc.o(.text.Adc_GetJqrResult)
    Adc_IRQHandler                           0x00000201   Thumb Code    68  main.o(.text.Adc_IRQHandler)
    Adc_Init                                 0x00000245   Thumb Code    88  adc.o(.text.Adc_Init)
    Adc_JQR_Start                            0x0000029d   Thumb Code     8  adc.o(.text.Adc_JQR_Start)
    Adc_JQR_Stop                             0x000002a5   Thumb Code    12  adc.o(.text.Adc_JQR_Stop)
    Adc_JqrModeCfg                           0x000002b1   Thumb Code    64  adc.o(.text.Adc_JqrModeCfg)
    App_AdcInit                              0x000002f1   Thumb Code    60  main.o(.text.App_AdcInit)
    App_AdcJqrCfg                            0x0000032d   Thumb Code    52  main.o(.text.App_AdcJqrCfg)
    App_AdcPortInit                          0x00000361   Thumb Code    20  main.o(.text.App_AdcPortInit)
    App_UartCfg                              0x00000375   Thumb Code   108  main.o(.text.App_UartCfg)
    App_UartPortInit                         0x000003e1   Thumb Code    78  main.o(.text.App_UartPortInit)
    Bgr_BgrEnable                            0x00000431   Thumb Code    24  bgr.o(.text.Bgr_BgrEnable)
    CLKTRIM_IRQHandler                       0x00000449   Thumb Code     8  interrupts_hc32l13x.o(.text.CLKTRIM_IRQHandler)
    DMAC_IRQHandler                          0x00000451   Thumb Code     8  interrupts_hc32l13x.o(.text.DMAC_IRQHandler)
    EnableNvic                               0x00000459   Thumb Code   136  interrupts_hc32l13x.o(.text.EnableNvic)
    FLASH_RAM_IRQHandler                     0x000004e1   Thumb Code    12  interrupts_hc32l13x.o(.text.FLASH_RAM_IRQHandler)
    GetBit                                   0x000004ed   Thumb Code    10  ddl.o(.text.GetBit)
    Gpio_Init                                0x000004f9   Thumb Code   124  gpio.o(.text.Gpio_Init)
    Gpio_SetAfMode                           0x00000575   Thumb Code    16  gpio.o(.text.Gpio_SetAfMode)
    Gpio_SetAnalogMode                       0x00000585   Thumb Code    20  gpio.o(.text.Gpio_SetAnalogMode)
    Gpio_SetIO                               0x00000599   Thumb Code    20  gpio.o(.text.Gpio_SetIO)
    HardFault_Handler                        0x000005ad   Thumb Code    16  interrupts_hc32l13x.o(.text.HardFault_Handler)
    I2C0_IRQHandler                          0x000005bd   Thumb Code     8  interrupts_hc32l13x.o(.text.I2C0_IRQHandler)
    I2C1_IRQHandler                          0x000005c5   Thumb Code     8  interrupts_hc32l13x.o(.text.I2C1_IRQHandler)
    LCD_IRQHandler                           0x000005cd   Thumb Code     8  interrupts_hc32l13x.o(.text.LCD_IRQHandler)
    LPTIM_IRQHandler                         0x000005d5   Thumb Code     8  interrupts_hc32l13x.o(.text.LPTIM_IRQHandler)
    LPUART0_IRQHandler                       0x000005dd   Thumb Code     8  interrupts_hc32l13x.o(.text.LPUART0_IRQHandler)
    LPUART1_IRQHandler                       0x000005e5   Thumb Code     8  interrupts_hc32l13x.o(.text.LPUART1_IRQHandler)
    LVD_IRQHandler                           0x000005ed   Thumb Code     8  interrupts_hc32l13x.o(.text.LVD_IRQHandler)
    PCA_IRQHandler                           0x000005f5   Thumb Code     8  interrupts_hc32l13x.o(.text.PCA_IRQHandler)
    PCNT_IRQHandler                          0x000005fd   Thumb Code     8  interrupts_hc32l13x.o(.text.PCNT_IRQHandler)
    PORTA_IRQHandler                         0x00000605   Thumb Code     8  interrupts_hc32l13x.o(.text.PORTA_IRQHandler)
    PORTB_IRQHandler                         0x0000060d   Thumb Code     8  interrupts_hc32l13x.o(.text.PORTB_IRQHandler)
    PORTC_IRQHandler                         0x00000615   Thumb Code     8  interrupts_hc32l13x.o(.text.PORTC_IRQHandler)
    PORTD_IRQHandler                         0x0000061d   Thumb Code     8  interrupts_hc32l13x.o(.text.PORTD_IRQHandler)
    RTC_IRQHandler                           0x00000625   Thumb Code     8  interrupts_hc32l13x.o(.text.RTC_IRQHandler)
    SPI0_IRQHandler                          0x0000062d   Thumb Code     8  interrupts_hc32l13x.o(.text.SPI0_IRQHandler)
    SPI1_IRQHandler                          0x00000635   Thumb Code     8  interrupts_hc32l13x.o(.text.SPI1_IRQHandler)
    SetBit                                   0x0000063d   Thumb Code    22  ddl.o(.text.SetBit)
    SysTick_Handler                          0x00000653   Thumb Code     8  interrupts_hc32l13x.o(.text.SysTick_Handler)
    Sysctrl_GetHClkFreq                      0x0000065d   Thumb Code   260  sysctrl.o(.text.Sysctrl_GetHClkFreq)
    Sysctrl_GetPClkFreq                      0x00000761   Thumb Code    24  sysctrl.o(.text.Sysctrl_GetPClkFreq)
    Sysctrl_SetPeripheralGate                0x00000779   Thumb Code    20  sysctrl.o(.text.Sysctrl_SetPeripheralGate)
    SystemCoreClockUpdate                    0x0000078d   Thumb Code    12  system_hc32l13x.o(.text.SystemCoreClockUpdate)
    SystemInit                               0x00000799   Thumb Code     8  system_hc32l13x.o(.text.SystemInit)
    TIM0_IRQHandler                          0x000007a1   Thumb Code     8  interrupts_hc32l13x.o(.text.TIM0_IRQHandler)
    TIM1_IRQHandler                          0x000007a9   Thumb Code     8  interrupts_hc32l13x.o(.text.TIM1_IRQHandler)
    TIM2_IRQHandler                          0x000007b1   Thumb Code     8  interrupts_hc32l13x.o(.text.TIM2_IRQHandler)
    TIM3_IRQHandler                          0x000007b9   Thumb Code     8  interrupts_hc32l13x.o(.text.TIM3_IRQHandler)
    TIM4_IRQHandler                          0x000007c1   Thumb Code     8  interrupts_hc32l13x.o(.text.TIM4_IRQHandler)
    TIM5_IRQHandler                          0x000007c9   Thumb Code     8  interrupts_hc32l13x.o(.text.TIM5_IRQHandler)
    TIM6_IRQHandler                          0x000007d1   Thumb Code     8  interrupts_hc32l13x.o(.text.TIM6_IRQHandler)
    UART0_IRQHandler                         0x000007d9   Thumb Code     8  interrupts_hc32l13x.o(.text.UART0_IRQHandler)
    UART1_IRQHandler                         0x000007e1   Thumb Code     8  interrupts_hc32l13x.o(.text.UART1_IRQHandler)
    Uart_ClrStatus                           0x000007e9   Thumb Code    16  uart.o(.text.Uart_ClrStatus)
    Uart_EnableFunc                          0x000007f9   Thumb Code    14  uart.o(.text.Uart_EnableFunc)
    Uart_Init                                0x00000809   Thumb Code    84  uart.o(.text.Uart_Init)
    Uart_SendDataPoll                        0x0000085d   Thumb Code    56  uart.o(.text.Uart_SendDataPoll)
    VC0_IRQHandler                           0x00000895   Thumb Code     8  interrupts_hc32l13x.o(.text.VC0_IRQHandler)
    VC1_IRQHandler                           0x0000089d   Thumb Code     8  interrupts_hc32l13x.o(.text.VC1_IRQHandler)
    WDT_IRQHandler                           0x000008a5   Thumb Code     8  interrupts_hc32l13x.o(.text.WDT_IRQHandler)
    ddl_memclr                               0x000008ad   Thumb Code    20  ddl.o(.text.ddl_memclr)
    delay10us                                0x000008c1   Thumb Code    68  ddl.o(.text.delay10us)
    delay1ms                                 0x00000905   Thumb Code    76  ddl.o(.text.delay1ms)
    fputc                                    0x00000951   Thumb Code    20  ddl.o(.text.fputc)
    main                                     0x00000965   Thumb Code   104  main.o(.text.main)
    __0printf$1                              0x000009cd   Thumb Code    24  printf1.o(i.__0printf$1)
    __1printf$1                              0x000009cd   Thumb Code     0  printf1.o(i.__0printf$1)
    __2printf                                0x000009cd   Thumb Code     0  printf1.o(i.__0printf$1)
    __scatterload_copy                       0x000009ed   Thumb Code    14  handlers.o(i.__scatterload_copy)
    __scatterload_null                       0x000009fb   Thumb Code     2  handlers.o(i.__scatterload_null)
    __scatterload_zeroinit                   0x000009fd   Thumb Code    14  handlers.o(i.__scatterload_zeroinit)
    puts                                     0x00000b5d   Thumb Code    28  puts.o(i.puts)
    Region$$Table$$Base                      0x00000b7c   Number         0  anon$$obj.o(Region$$Table)
    Region$$Table$$Limit                     0x00000b9c   Number         0  anon$$obj.o(Region$$Table)
    __stdout                                 0x20000000   Data           4  stdout.o(.data)
    SystemCoreClock                          0x20000004   Data           4  system_hc32l13x.o(.data.SystemCoreClock)
    u32AdcRestult16                          0x20000008   Data           4  main.o(.bss.u32AdcRestult16)
    __initial_sp                             0x20000210   Data           0  startup_hc32l13x.o(STACK)



==============================================================================

Memory Map of the image

  Image Entry point : 0x000000c1

  Load Region LR_IROM1 (Base: 0x00000000, Size: 0x00000ba8, Max: 0x00010000, ABSOLUTE)

    Execution Region ER_IROM1 (Exec base: 0x00000000, Load base: 0x00000000, Size: 0x00000b9c, Max: 0x00010000, ABSOLUTE)

    Exec Addr    Load Addr    Size         Type   Attr      Idx    E Section Name        Object

    0x00000000   0x00000000   0x000000c0   Data   RO            3    RESET               startup_hc32l13x.o
    0x000000c0   0x000000c0   0x00000000   Code   RO          458  * .ARM.Collect$$$$00000000  mc_p.l(entry.o)
    0x000000c0   0x000000c0   0x00000004   Code   RO          728    .ARM.Collect$$$$00000001  mc_p.l(entry2.o)
    0x000000c4   0x000000c4   0x00000004   Code   RO          731    .ARM.Collect$$$$00000004  mc_p.l(entry5.o)
    0x000000c8   0x000000c8   0x00000000   Code   RO          733    .ARM.Collect$$$$00000008  mc_p.l(entry7b.o)
    0x000000c8   0x000000c8   0x00000000   Code   RO          735    .ARM.Collect$$$$0000000A  mc_p.l(entry8b.o)
    0x000000c8   0x000000c8   0x00000008   Code   RO          736    .ARM.Collect$$$$0000000B  mc_p.l(entry9a.o)
    0x000000d0   0x000000d0   0x00000000   Code   RO          738    .ARM.Collect$$$$0000000D  mc_p.l(entry10a.o)
    0x000000d0   0x000000d0   0x00000000   Code   RO          740    .ARM.Collect$$$$0000000F  mc_p.l(entry11a.o)
    0x000000d0   0x000000d0   0x00000004   Code   RO          729    .ARM.Collect$$$$00002712  mc_p.l(entry2.o)
    0x000000d4   0x000000d4   0x0000003c   Code   RO            4    .text               startup_hc32l13x.o
    0x00000110   0x00000110   0x0000002c   Code   RO          465    .text               mc_p.l(uidiv.o)
    0x0000013c   0x0000013c   0x00000024   Code   RO          756    .text               mc_p.l(init.o)
    0x00000160   0x00000160   0x00000008   Code   RO           65    .text.ADC_IRQHandler  interrupts_hc32l13x.o
    0x00000168   0x00000168   0x00000058   Code   RO          171    .text.Adc_CfgJqrChannel  adc.o
    0x000001c0   0x000001c0   0x00000010   Code   RO          133    .text.Adc_ClrIrqStatus  adc.o
    0x000001d0   0x000001d0   0x00000010   Code   RO          135    .text.Adc_EnableIrq  adc.o
    0x000001e0   0x000001e0   0x00000014   Code   RO          131    .text.Adc_GetIrqStatus  adc.o
    0x000001f4   0x000001f4   0x0000000c   Code   RO          177    .text.Adc_GetJqrResult  adc.o
    0x00000200   0x00000200   0x00000044   Code   RO          115    .text.Adc_IRQHandler  main.o
    0x00000244   0x00000244   0x00000058   Code   RO          139    .text.Adc_Init      adc.o
    0x0000029c   0x0000029c   0x00000008   Code   RO          155    .text.Adc_JQR_Start  adc.o
    0x000002a4   0x000002a4   0x0000000c   Code   RO          157    .text.Adc_JQR_Stop  adc.o
    0x000002b0   0x000002b0   0x00000040   Code   RO          165    .text.Adc_JqrModeCfg  adc.o
    0x000002f0   0x000002f0   0x0000003c   Code   RO          111    .text.App_AdcInit   main.o
    0x0000032c   0x0000032c   0x00000034   Code   RO          113    .text.App_AdcJqrCfg  main.o
    0x00000360   0x00000360   0x00000014   Code   RO          109    .text.App_AdcPortInit  main.o
    0x00000374   0x00000374   0x0000006c   Code   RO          107    .text.App_UartCfg   main.o
    0x000003e0   0x000003e0   0x0000004e   Code   RO          105    .text.App_UartPortInit  main.o
    0x0000042e   0x0000042e   0x00000002   PAD
    0x00000430   0x00000430   0x00000018   Code   RO          194    .text.Bgr_BgrEnable  bgr.o
    0x00000448   0x00000448   0x00000008   Code   RO           79    .text.CLKTRIM_IRQHandler  interrupts_hc32l13x.o
    0x00000450   0x00000450   0x00000008   Code   RO           25    .text.DMAC_IRQHandler  interrupts_hc32l13x.o
    0x00000458   0x00000458   0x00000088   Code   RO           11    .text.EnableNvic    interrupts_hc32l13x.o
    0x000004e0   0x000004e0   0x0000000c   Code   RO           77    .text.FLASH_RAM_IRQHandler  interrupts_hc32l13x.o
    0x000004ec   0x000004ec   0x0000000a   Code   RO          234    .text.GetBit        ddl.o
    0x000004f6   0x000004f6   0x00000002   PAD
    0x000004f8   0x000004f8   0x0000007c   Code   RO          304    .text.Gpio_Init     gpio.o
    0x00000574   0x00000574   0x00000010   Code   RO          326    .text.Gpio_SetAfMode  gpio.o
    0x00000584   0x00000584   0x00000014   Code   RO          324    .text.Gpio_SetAnalogMode  gpio.o
    0x00000598   0x00000598   0x00000014   Code   RO          316    .text.Gpio_SetIO    gpio.o
    0x000005ac   0x000005ac   0x00000010   Code   RO           13    .text.HardFault_Handler  interrupts_hc32l13x.o
    0x000005bc   0x000005bc   0x00000008   Code   RO           41    .text.I2C0_IRQHandler  interrupts_hc32l13x.o
    0x000005c4   0x000005c4   0x00000008   Code   RO           43    .text.I2C1_IRQHandler  interrupts_hc32l13x.o
    0x000005cc   0x000005cc   0x00000008   Code   RO           75    .text.LCD_IRQHandler  interrupts_hc32l13x.o
    0x000005d4   0x000005d4   0x00000008   Code   RO           51    .text.LPTIM_IRQHandler  interrupts_hc32l13x.o
    0x000005dc   0x000005dc   0x00000008   Code   RO           33    .text.LPUART0_IRQHandler  interrupts_hc32l13x.o
    0x000005e4   0x000005e4   0x00000008   Code   RO           35    .text.LPUART1_IRQHandler  interrupts_hc32l13x.o
    0x000005ec   0x000005ec   0x00000008   Code   RO           73    .text.LVD_IRQHandler  interrupts_hc32l13x.o
    0x000005f4   0x000005f4   0x00000008   Code   RO           59    .text.PCA_IRQHandler  interrupts_hc32l13x.o
    0x000005fc   0x000005fc   0x00000008   Code   RO           67    .text.PCNT_IRQHandler  interrupts_hc32l13x.o
    0x00000604   0x00000604   0x00000008   Code   RO           17    .text.PORTA_IRQHandler  interrupts_hc32l13x.o
    0x0000060c   0x0000060c   0x00000008   Code   RO           19    .text.PORTB_IRQHandler  interrupts_hc32l13x.o
    0x00000614   0x00000614   0x00000008   Code   RO           21    .text.PORTC_IRQHandler  interrupts_hc32l13x.o
    0x0000061c   0x0000061c   0x00000008   Code   RO           23    .text.PORTD_IRQHandler  interrupts_hc32l13x.o
    0x00000624   0x00000624   0x00000008   Code   RO           63    .text.RTC_IRQHandler  interrupts_hc32l13x.o
    0x0000062c   0x0000062c   0x00000008   Code   RO           37    .text.SPI0_IRQHandler  interrupts_hc32l13x.o
    0x00000634   0x00000634   0x00000008   Code   RO           39    .text.SPI1_IRQHandler  interrupts_hc32l13x.o
    0x0000063c   0x0000063c   0x00000016   Code   RO          232    .text.SetBit        ddl.o
    0x00000652   0x00000652   0x00000008   Code   RO           15    .text.SysTick_Handler  interrupts_hc32l13x.o
    0x0000065a   0x0000065a   0x00000002   PAD
    0x0000065c   0x0000065c   0x00000104   Code   RO          381    .text.Sysctrl_GetHClkFreq  sysctrl.o
    0x00000760   0x00000760   0x00000018   Code   RO          383    .text.Sysctrl_GetPClkFreq  sysctrl.o
    0x00000778   0x00000778   0x00000014   Code   RO          401    .text.Sysctrl_SetPeripheralGate  sysctrl.o
    0x0000078c   0x0000078c   0x0000000c   Code   RO           90    .text.SystemCoreClockUpdate  system_hc32l13x.o
    0x00000798   0x00000798   0x00000008   Code   RO           92    .text.SystemInit    system_hc32l13x.o
    0x000007a0   0x000007a0   0x00000008   Code   RO           45    .text.TIM0_IRQHandler  interrupts_hc32l13x.o
    0x000007a8   0x000007a8   0x00000008   Code   RO           47    .text.TIM1_IRQHandler  interrupts_hc32l13x.o
    0x000007b0   0x000007b0   0x00000008   Code   RO           49    .text.TIM2_IRQHandler  interrupts_hc32l13x.o
    0x000007b8   0x000007b8   0x00000008   Code   RO           27    .text.TIM3_IRQHandler  interrupts_hc32l13x.o
    0x000007c0   0x000007c0   0x00000008   Code   RO           53    .text.TIM4_IRQHandler  interrupts_hc32l13x.o
    0x000007c8   0x000007c8   0x00000008   Code   RO           55    .text.TIM5_IRQHandler  interrupts_hc32l13x.o
    0x000007d0   0x000007d0   0x00000008   Code   RO           57    .text.TIM6_IRQHandler  interrupts_hc32l13x.o
    0x000007d8   0x000007d8   0x00000008   Code   RO           29    .text.UART0_IRQHandler  interrupts_hc32l13x.o
    0x000007e0   0x000007e0   0x00000008   Code   RO           31    .text.UART1_IRQHandler  interrupts_hc32l13x.o
    0x000007e8   0x000007e8   0x00000010   Code   RO          440    .text.Uart_ClrStatus  uart.o
    0x000007f8   0x000007f8   0x0000000e   Code   RO          430    .text.Uart_EnableFunc  uart.o
    0x00000806   0x00000806   0x00000002   PAD
    0x00000808   0x00000808   0x00000054   Code   RO          448    .text.Uart_Init     uart.o
    0x0000085c   0x0000085c   0x00000038   Code   RO          442    .text.Uart_SendDataPoll  uart.o
    0x00000894   0x00000894   0x00000008   Code   RO           69    .text.VC0_IRQHandler  interrupts_hc32l13x.o
    0x0000089c   0x0000089c   0x00000008   Code   RO           71    .text.VC1_IRQHandler  interrupts_hc32l13x.o
    0x000008a4   0x000008a4   0x00000008   Code   RO           61    .text.WDT_IRQHandler  interrupts_hc32l13x.o
    0x000008ac   0x000008ac   0x00000014   Code   RO          212    .text.ddl_memclr    ddl.o
    0x000008c0   0x000008c0   0x00000044   Code   RO          230    .text.delay10us     ddl.o
    0x00000904   0x00000904   0x0000004c   Code   RO          226    .text.delay1ms      ddl.o
    0x00000950   0x00000950   0x00000014   Code   RO          220    .text.fputc         ddl.o
    0x00000964   0x00000964   0x00000068   Code   RO          103    .text.main          main.o
    0x000009cc   0x000009cc   0x00000020   Code   RO          512    i.__0printf$1       mc_p.l(printf1.o)
    0x000009ec   0x000009ec   0x0000000e   Code   RO          770    i.__scatterload_copy  mc_p.l(handlers.o)
    0x000009fa   0x000009fa   0x00000002   Code   RO          771    i.__scatterload_null  mc_p.l(handlers.o)
    0x000009fc   0x000009fc   0x0000000e   Code   RO          772    i.__scatterload_zeroinit  mc_p.l(handlers.o)
    0x00000a0a   0x00000a0a   0x00000002   PAD
    0x00000a0c   0x00000a0c   0x00000150   Code   RO          519    i._printf_core      mc_p.l(printf1.o)
    0x00000b5c   0x00000b5c   0x00000020   Code   RO          461    i.puts              mc_p.l(puts.o)
    0x00000b7c   0x00000b7c   0x00000020   Data   RO          769    Region$$Table       anon$$obj.o


    Execution Region RW_IRAM1 (Exec base: 0x20000000, Load base: 0x00000ba0, Size: 0x00000210, Max: 0x00002000, ABSOLUTE)

    Exec Addr    Load Addr    Size         Type   Attr      Idx    E Section Name        Object

    0x20000000   0x00000ba0   0x00000004   Data   RW          742    .data               mc_p.l(stdout.o)
    0x20000004   0x00000ba4   0x00000004   Data   RW           94    .data.SystemCoreClock  system_hc32l13x.o
    0x20000008        -       0x00000004   Zero   RW          117    .bss.u32AdcRestult16  main.o
    0x2000000c   0x00000ba8   0x00000004   PAD
    0x20000010        -       0x00000200   Zero   RW            1    STACK               startup_hc32l13x.o


==============================================================================

Image component sizes


      Code (inc. data)   RO Data    RW Data    ZI Data      Debug   Object Name

       324         32          0          0          0      17284   adc.o
        24          4          0          0          0       1117   bgr.o
       216         20          0          0          0       5152   ddl.o
       180         24          0          0          0      43750   gpio.o
       420         20          0          0          0       6197   interrupts_hc32l13x.o
       490         40          0          0          4       9633   main.o
        60         22        192          0        512        596   startup_hc32l13x.o
       304         54          0          0          0      49280   sysctrl.o
        20          0          0          4          0        650   system_hc32l13x.o
       170          8          0          0          0       7463   uart.o

    ----------------------------------------------------------------------
      2216        224        224          4        520     141122   Object Totals
         0          0         32          0          0          0   (incl. Generated)
         8          0          0          0          4          0   (incl. Padding)

    ----------------------------------------------------------------------

      Code (inc. data)   RO Data    RW Data    ZI Data      Debug   Library Member Name

         0          0          0          0          0          0   entry.o
         0          0          0          0          0          0   entry10a.o
         0          0          0          0          0          0   entry11a.o
         8          4          0          0          0          0   entry2.o
         4          0          0          0          0          0   entry5.o
         0          0          0          0          0          0   entry7b.o
         0          0          0          0          0          0   entry8b.o
         8          4          0          0          0          0   entry9a.o
        30          0          0          0          0          0   handlers.o
        36          8          0          0          0         68   init.o
       368         12          0          0          0        168   printf1.o
        32          4          0          0          0         68   puts.o
         0          0          0          4          0          0   stdout.o
        44          0          0          0          0         72   uidiv.o

    ----------------------------------------------------------------------
       532         32          0          4          0        376   Library Totals
         2          0          0          0          0          0   (incl. Padding)

    ----------------------------------------------------------------------

      Code (inc. data)   RO Data    RW Data    ZI Data      Debug   Library Name

       530         32          0          4          0        376   mc_p.l

    ----------------------------------------------------------------------
       532         32          0          4          0        376   Library Totals

    ----------------------------------------------------------------------

==============================================================================


      Code (inc. data)   RO Data    RW Data    ZI Data      Debug   

      2748        256        224          8        520     141434   Grand Totals
      2748        256        224          8        520     141434   ELF Image Totals
      2748        256        224          8          0          0   ROM Totals

==============================================================================

    Total RO  Size (Code + RO Data)                 2972 (   2.90kB)
    Total RW  Size (RW Data + ZI Data)               528 (   0.52kB)
    Total ROM Size (Code + RO Data + RW Data)       2980 (   2.91kB)

==============================================================================

